../Core/Src/ApplicationCode.c:21:6:ApplicationInit	8	static
../Core/Src/ApplicationCode.c:45:6:LCD_Visual_Demo	8	static
../Core/Src/ApplicationCode.c:51:6:LCD_Touch_Polling_Demo	8	static
../Core/Src/ApplicationCode.c:69:6:ButtonInit	8	static
../Core/Src/ApplicationCode.c:73:6:greenLEDInit	8	static
../Core/Src/ApplicationCode.c:77:6:redLEDInit	8	static
../Core/Src/ApplicationCode.c:81:6:toggleGreenLED	8	static
../Core/Src/ApplicationCode.c:85:6:toggleRedLED	8	static
../Core/Src/ApplicationCode.c:89:6:turnOnGreenLED	8	static
../Core/Src/ApplicationCode.c:93:6:turnOnRedLED	8	static
../Core/Src/ApplicationCode.c:97:6:turnOffGreenLED	8	static
../Core/Src/ApplicationCode.c:101:6:turnOffRedLED	8	static
../Core/Src/ApplicationCode.c:105:6:TimerInit	4	static
../Core/Src/ApplicationCode.c:109:6:Display_Menu_Screen	8	static
../Core/Src/ApplicationCode.c:142:6:Display_Board	16	static
../Core/Src/ApplicationCode.c:152:6:Update_Board	24	static
../Core/Src/ApplicationCode.c:156:6:Display_Coins	16	static
../Core/Src/ApplicationCode.c:170:6:Single_Player	24	static
../Core/Src/ApplicationCode.c:245:5:Generate_Random_Move	24	static
../Core/Src/ApplicationCode.c:252:5:Generate_AI_Move	296	static
../Core/Src/ApplicationCode.c:596:6:Place_Coin	24	static
../Core/Src/ApplicationCode.c:612:6:Two_Player	32	static
../Core/Src/ApplicationCode.c:723:13:Game_Status	24	static
../Core/Src/ApplicationCode.c:792:6:Display_Results	144	static
../Core/Src/ApplicationCode.c:884:6:Display_Quit_Screen	8	static
../Core/Src/ApplicationCode.c:908:6:Reset_Board	16	static
../Core/Src/ApplicationCode.c:916:6:Reset_Stats	4	static
../Core/Src/ApplicationCode.c:922:6:EXTI0_IRQHandler	8	static
