../Core/Src/main.c:78:5:main	56	static
../Core/Src/main.c:259:6:HAL_TIM_PeriodElapsedCallback	16	static
../Core/Src/main.c:267:6:SystemClock_Config	88	static
../Core/Src/main.c:313:13:MX_I2C3_Init	8	static
../Core/Src/main.c:361:13:MX_LTDC_Init	112	static
../Core/Src/main.c:443:13:MX_RNG_Init	8	static
../Core/Src/main.c:469:13:MX_SPI5_Init	8	static
../Core/Src/main.c:507:13:MX_TIM2_Init	32	static
../Core/Src/main.c:554:13:MX_GPIO_Init	64	static
../Core/Src/main.c:728:6:Error_Handler	4	static,ignoring_inline_asm
